No errors detected.
Critical error: Something went wrong!
Critical error: Something went wrong!
